== Phase 0: echo https://tls.browserleaks.com/json (每路单次) ==
  C(curl_cffi chrome): ja3=ba1e7cdeb2ff07d7d0179cfd44c652f6 ja4=t13d1516h2_8daaf6152771_806a8c22fdea ua='Mozilla/5.0 (Macintosh; Intel Mac OS X 10_15_7) AppleWebKit/537.36 (KHTML, like Gecko) Chrome/150.0.0.0 Safari/537.36' verdict=ok
  A(httpx+MYIA UA): ja3=304734bb1c086c3453b387400cf83f11 ja4=t13d1812h1_85036bcba153_d41ae481755e verdict=ok
  B(httpx+Chrome UA): ja3=304734bb1c086c3453b387400cf83f11 ja4=t13d1812h1_85036bcba153_d41ae481755e verdict=ok

== aihot-item: https://aihot.news/items/bzodztryi4kvwm4kz9mrwb6nn  (archive/10-04-crawl4ai-l3 基线 URL,crawl4ai 真跑 PASS(markdown_len=3949)) ==
  A(httpx+MYIA UA): {'status': 200, 'http_version': 'HTTP/1.1', 'bytes': 47028, 'server': 'nginx/1.24.0 (Ubuntu)', 'cf_mitigated': '', 'title': 'GPT-6.1 Sol (Max) 进入 Agent Arena 第 5 名，以更低成本逼近前列模型 · AIHOT', 'verdict': 'ok', 'elapsed_s': 0.36}
  B(httpx+Chrome UA): {'status': 200, 'http_version': 'HTTP/1.1', 'bytes': 47028, 'server': 'nginx/1.24.0 (Ubuntu)', 'cf_mitigated': '', 'title': 'GPT-6.1 Sol (Max) 进入 Agent Arena 第 5 名，以更低成本逼近前列模型 · AIHOT', 'verdict': 'ok', 'elapsed_s': 0.19}
  C(curl_cffi chrome): {'status': 200, 'http_version': 3, 'bytes': 47028, 'server': 'nginx/1.24.0 (Ubuntu)', 'cf_mitigated': '', 'title': 'GPT-6.1 Sol (Max) 进入 Agent Arena 第 5 名，以更低成本逼近前列模型 · AIHOT', 'verdict': 'ok', 'elapsed_s': 0.06}

== airbnb-home: https://www.airbnb.com/  (curl_cffi README 经典 TLS 指纹墙例(* 组放行首页,robots 已记档)) ==
  A(httpx+MYIA UA): {'status': 200, 'http_version': 'HTTP/1.1', 'bytes': 633437, 'server': 'nginx', 'cf_mitigated': '', 'title': 'Airbnb: Vacation Rentals, Cabins, Beach Houses, Unique Homes &amp; Experiences', 'verdict': 'ok', 'elapsed_s': 1.87}
  B(httpx+Chrome UA): {'status': 200, 'http_version': 'HTTP/1.1', 'bytes': 619327, 'server': 'nginx', 'cf_mitigated': '', 'title': 'Airbnb: Vacation Rentals, Cabins, Beach Houses, Unique Homes &amp; Experiences', 'verdict': 'ok', 'elapsed_s': 1.96}
  C(curl_cffi chrome): {'status': 200, 'http_version': 3, 'bytes': 633032, 'server': 'nginx', 'cf_mitigated': '', 'title': 'Airbnb: Vacation Rentals, Cabins, Beach Houses, Unique Homes &amp; Experiences', 'verdict': 'ok', 'elapsed_s': 1.63}

== nowsecure-nl: https://nowsecure.nl/  (Cloudflare 挑战测试页(robots 无 Disallow)) ==
  A(httpx+MYIA UA): {'status': 200, 'http_version': 'HTTP/1.1', 'bytes': 179833, 'server': 'cloudflare', 'cf_mitigated': '', 'title': 'nowsecure.nl', 'verdict': 'ok', 'elapsed_s': 2.03}
  B(httpx+Chrome UA): {'status': 200, 'http_version': 'HTTP/1.1', 'bytes': 179833, 'server': 'cloudflare', 'cf_mitigated': '', 'title': 'nowsecure.nl', 'verdict': 'ok', 'elapsed_s': 1.8}
  C(curl_cffi chrome): {'status': 200, 'http_version': 3, 'bytes': 179833, 'server': 'cloudflare', 'cf_mitigated': '', 'title': 'nowsecure.nl', 'verdict': 'ok', 'elapsed_s': 1.94}

== scrapingcourse-cf: https://scrapingcourse.com/cloudflare-challenge  (Cloudflare managed challenge 测试页(robots * 仅禁 /ecommerce/*)) ==
  A(httpx+MYIA UA): {'status': 403, 'http_version': 'HTTP/1.1', 'bytes': 5618, 'server': 'cloudflare', 'cf_mitigated': 'challenge', 'title': 'Just a moment...', 'verdict': 'blocked', 'elapsed_s': 1.03}
  B(httpx+Chrome UA): {'status': 403, 'http_version': 'HTTP/1.1', 'bytes': 5810, 'server': 'cloudflare', 'cf_mitigated': 'challenge', 'title': 'Just a moment...', 'verdict': 'blocked', 'elapsed_s': 1.18}
  C(curl_cffi chrome): {'status': 403, 'http_version': 3, 'bytes': 6002, 'server': 'cloudflare', 'cf_mitigated': 'challenge', 'title': 'Just a moment...', 'verdict': 'blocked', 'elapsed_s': 1.16}

== hn-home: https://news.ycombinator.com/  (无墙对照站(robots 放行首页,Crawl-delay 30 远高于单次探询)) ==
  A(httpx+MYIA UA): {'status': 200, 'http_version': 'HTTP/1.1', 'bytes': 34678, 'server': 'nginx', 'cf_mitigated': '', 'title': 'Hacker News', 'verdict': 'ok', 'elapsed_s': 1.06}
  B(httpx+Chrome UA): {'status': 200, 'http_version': 'HTTP/1.1', 'bytes': 34678, 'server': 'nginx', 'cf_mitigated': '', 'title': 'Hacker News', 'verdict': 'ok', 'elapsed_s': 1.07}
  C(curl_cffi chrome): {'status': 200, 'http_version': 3, 'bytes': 34678, 'server': 'nginx', 'cf_mitigated': '', 'title': 'Hacker News', 'verdict': 'ok', 'elapsed_s': 1.03}

== JSON ==
{
 "echo": {
  "A": {
   "status": 200,
   "http_version": "HTTP/1.1",
   "bytes": 1232,
   "server": "nginx",
   "cf_mitigated": "",
   "title": "",
   "verdict": "ok",
   "user_agent": "MYIA/0.1 (config-driven intelligence hub)",
   "ja3_hash": "304734bb1c086c3453b387400cf83f11",
   "ja4": "t13d1812h1_85036bcba153_d41ae481755e",
   "ja4_r": "t13d1812h1_0067,006b,009e,009f,00ff,1301,1302,1303,c023,c024,c027,c028,c02b,c02c,c02f,c030,cca8,cca9_000a,000b,000d,0015",
   "elapsed_s": 0.87
  },
  "B": {
   "status": 200,
   "http_version": "HTTP/1.1",
   "bytes": 1308,
   "server": "nginx",
   "cf_mitigated": "",
   "title": "",
   "verdict": "ok",
   "user_agent": "Mozilla/5.0 (Macintosh; Intel Mac OS X 10_15_7) AppleWebKit/537.36 (KHTML, like Gecko) Chrome/150.0.0.0 Safari/537.36",
   "ja3_hash": "304734bb1c086c3453b387400cf83f11",
   "ja4": "t13d1812h1_85036bcba153_d41ae481755e",
   "ja4_r": "t13d1812h1_0067,006b,009e,009f,00ff,1301,1302,1303,c023,c024,c027,c028,c02b,c02c,c02f,c030,cca8,cca9_000a,000b,000d,0015",
   "elapsed_s": 0.83
  },
  "C": {
   "status": 200,
   "http_version": 3,
   "bytes": 1263,
   "server": "nginx",
   "cf_mitigated": "",
   "title": "",
   "verdict": "ok",
   "user_agent": "Mozilla/5.0 (Macintosh; Intel Mac OS X 10_15_7) AppleWebKit/537.36 (KHTML, like Gecko) Chrome/150.0.0.0 Safari/537.36",
   "ja3_hash": "ba1e7cdeb2ff07d7d0179cfd44c652f6",
   "ja4": "t13d1516h2_8daaf6152771_806a8c22fdea",
   "ja4_r": "t13d1516h2_002f,0035,009c,009d,1301,1302,1303,c013,c014,c02b,c02c,c02f,c030,cca8,cca9_0005,000a,000b,000d,0012,0017,001b",
   "elapsed_s": 0.95
  },
  "chrome_ua_echoed": "Mozilla/5.0 (Macintosh; Intel Mac OS X 10_15_7) AppleWebKit/537.36 (KHTML, like Gecko) Chrome/150.0.0.0 Safari/537.36",
  "chrome_ua_source": "echo"
 },
 "matrix": {
  "aihot-item": {
   "url": "https://aihot.news/items/bzodztryi4kvwm4kz9mrwb6nn",
   "note": "archive/10-04-crawl4ai-l3 基线 URL,crawl4ai 真跑 PASS(markdown_len=3949)",
   "A": {
    "status": 200,
    "http_version": "HTTP/1.1",
    "bytes": 47028,
    "server": "nginx/1.24.0 (Ubuntu)",
    "cf_mitigated": "",
    "title": "GPT-6.1 Sol (Max) 进入 Agent Arena 第 5 名，以更低成本逼近前列模型 · AIHOT",
    "verdict": "ok",
    "elapsed_s": 0.36
   },
   "B": {
    "status": 200,
    "http_version": "HTTP/1.1",
    "bytes": 47028,
    "server": "nginx/1.24.0 (Ubuntu)",
    "cf_mitigated": "",
    "title": "GPT-6.1 Sol (Max) 进入 Agent Arena 第 5 名，以更低成本逼近前列模型 · AIHOT",
    "verdict": "ok",
    "elapsed_s": 0.19
   },
   "C": {
    "status": 200,
    "http_version": 3,
    "bytes": 47028,
    "server": "nginx/1.24.0 (Ubuntu)",
    "cf_mitigated": "",
    "title": "GPT-6.1 Sol (Max) 进入 Agent Arena 第 5 名，以更低成本逼近前列模型 · AIHOT",
    "verdict": "ok",
    "elapsed_s": 0.06
   }
  },
  "airbnb-home": {
   "url": "https://www.airbnb.com/",
   "note": "curl_cffi README 经典 TLS 指纹墙例(* 组放行首页,robots 已记档)",
   "A": {
    "status": 200,
    "http_version": "HTTP/1.1",
    "bytes": 633437,
    "server": "nginx",
    "cf_mitigated": "",
    "title": "Airbnb: Vacation Rentals, Cabins, Beach Houses, Unique Homes &amp; Experiences",
    "verdict": "ok",
    "elapsed_s": 1.87
   },
   "B": {
    "status": 200,
    "http_version": "HTTP/1.1",
    "bytes": 619327,
    "server": "nginx",
    "cf_mitigated": "",
    "title": "Airbnb: Vacation Rentals, Cabins, Beach Houses, Unique Homes &amp; Experiences",
    "verdict": "ok",
    "elapsed_s": 1.96
   },
   "C": {
    "status": 200,
    "http_version": 3,
    "bytes": 633032,
    "server": "nginx",
    "cf_mitigated": "",
    "title": "Airbnb: Vacation Rentals, Cabins, Beach Houses, Unique Homes &amp; Experiences",
    "verdict": "ok",
    "elapsed_s": 1.63
   }
  },
  "nowsecure-nl": {
   "url": "https://nowsecure.nl/",
   "note": "Cloudflare 挑战测试页(robots 无 Disallow)",
   "A": {
    "status": 200,
    "http_version": "HTTP/1.1",
    "bytes": 179833,
    "server": "cloudflare",
    "cf_mitigated": "",
    "title": "nowsecure.nl",
    "verdict": "ok",
    "elapsed_s": 2.03
   },
   "B": {
    "status": 200,
    "http_version": "HTTP/1.1",
    "bytes": 179833,
    "server": "cloudflare",
    "cf_mitigated": "",
    "title": "nowsecure.nl",
    "verdict": "ok",
    "elapsed_s": 1.8
   },
   "C": {
    "status": 200,
    "http_version": 3,
    "bytes": 179833,
    "server": "cloudflare",
    "cf_mitigated": "",
    "title": "nowsecure.nl",
    "verdict": "ok",
    "elapsed_s": 1.94
   }
  },
  "scrapingcourse-cf": {
   "url": "https://scrapingcourse.com/cloudflare-challenge",
   "note": "Cloudflare managed challenge 测试页(robots * 仅禁 /ecommerce/*)",
   "A": {
    "status": 403,
    "http_version": "HTTP/1.1",
    "bytes": 5618,
    "server": "cloudflare",
    "cf_mitigated": "challenge",
    "title": "Just a moment...",
    "verdict": "blocked",
    "elapsed_s": 1.03
   },
   "B": {
    "status": 403,
    "http_version": "HTTP/1.1",
    "bytes": 5810,
    "server": "cloudflare",
    "cf_mitigated": "challenge",
    "title": "Just a moment...",
    "verdict": "blocked",
    "elapsed_s": 1.18
   },
   "C": {
    "status": 403,
    "http_version": 3,
    "bytes": 6002,
    "server": "cloudflare",
    "cf_mitigated": "challenge",
    "title": "Just a moment...",
    "verdict": "blocked",
    "elapsed_s": 1.16
   }
  },
  "hn-home": {
   "url": "https://news.ycombinator.com/",
   "note": "无墙对照站(robots 放行首页,Crawl-delay 30 远高于单次探询)",
   "A": {
    "status": 200,
    "http_version": "HTTP/1.1",
    "bytes": 34678,
    "server": "nginx",
    "cf_mitigated": "",
    "title": "Hacker News",
    "verdict": "ok",
    "elapsed_s": 1.06
   },
   "B": {
    "status": 200,
    "http_version": "HTTP/1.1",
    "bytes": 34678,
    "server": "nginx",
    "cf_mitigated": "",
    "title": "Hacker News",
    "verdict": "ok",
    "elapsed_s": 1.07
   },
   "C": {
    "status": 200,
    "http_version": 3,
    "bytes": 34678,
    "server": "nginx",
    "cf_mitigated": "",
    "title": "Hacker News",
    "verdict": "ok",
    "elapsed_s": 1.03
   }
  }
 }
}
