        Info Looking up installed tauri packages to check mismatched versions...
        Warn The bundle identifier "com.myia.app" set in `"tauri.conf.json" identifier` ends with `.app`. This is not recommended because it conflicts with the application bundle extension on macOS.
     Running beforeBuildCommand `npm run sidecar && npm run build`

> myia-desktop@0.1.0 sidecar
> bash build-sidecar.sh

MYIA_SIDECAR_SKIP=1 且产物已存在,跳过 sidecar 构建: /Users/zhengbingjin/Project/Github/MYIA/desktop/src-tauri/binaries/myia-core-aarch64-apple-darwin

> myia-desktop@0.1.0 build
> npm --prefix ui-src run build


> myia-desktop-ui@0.1.0 build
> tsc -b && vite build

vite v7.3.6 building client environment for production...
transforming...
✓ 1748 modules transformed.
rendering chunks...
computing gzip size...
../ui/index.html                     0.51 kB │ gzip:   0.32 kB
../ui/assets/index-kQqWoOaR.css     38.91 kB │ gzip:   7.54 kB
../ui/assets/index-D_f_-4mN.js       1.25 kB │ gzip:   0.48 kB
../ui/assets/index-CGnhrk0V.js       2.20 kB │ gzip:   0.81 kB
../ui/assets/index-BUAneAvJ.js   1,092.45 kB │ gzip: 350.70 kB

(!) Some chunks are larger than 500 kB after minification. Consider:
- Using dynamic import() to code-split the application
- Use build.rollupOptions.output.manualChunks to improve chunking: https://rollupjs.org/configuration-options/#output-manualchunks
- Adjust chunk size limit for this warning via build.chunkSizeWarningLimit.
✓ built in 1.50s
   Compiling myia-desktop v0.0.1 (/Users/zhengbingjin/Project/Github/MYIA/desktop/src-tauri)
    Finished `release` profile [optimized] target(s) in 13.14s
       Built application at: /Users/zhengbingjin/Project/Github/MYIA/desktop/src-tauri/target/release/MYIA
    Bundling 世事.app (/Users/zhengbingjin/Project/Github/MYIA/desktop/src-tauri/target/release/bundle/macos/世事.app)
    Bundling 世事_0.0.1_aarch64.dmg (/Users/zhengbingjin/Project/Github/MYIA/desktop/src-tauri/target/release/bundle/dmg/世事_0.0.1_aarch64.dmg)
     Running bundle_dmg.sh
    Finished 2 bundles at:
        /Users/zhengbingjin/Project/Github/MYIA/desktop/src-tauri/target/release/bundle/macos/世事.app (125.36 MiB)
        /Users/zhengbingjin/Project/Github/MYIA/desktop/src-tauri/target/release/bundle/dmg/世事_0.0.1_aarch64.dmg (117.86 MiB)

TAURI_BUILD_EXIT=0
